<html>
<body>
<pre>
<h1>µVision Build Log</h1>
<h2>Tool Versions:</h2>
IDE-Version: ¦ÌVision V5.14.0.0
Copyright (C) 2015 ARM Ltd and ARM Germany GmbH. All rights reserved.
License Information: liu hx, Hewlett-Packard, LIC=9WS74-FHPV5-T34MI-TLT08-W6ZJJ-MUQ6N
 
Tool Versions:
Toolchain:       MDK-ARM Plus  Version: 5.14.0.0
Toolchain Path:  C:\Keil_v5\ARM\ARMCC\Bin
C Compiler:      Armcc.exe V5.05 update 1 (build 106)
Assembler:       Armasm.exe V5.05 update 1 (build 106)
Linker/Locator:  ArmLink.exe V5.05 update 1 (build 106)
Library Manager: ArmAr.exe V5.05 update 1 (build 106)
Hex Converter:   FromElf.exe V5.05 update 1 (build 106)
CPU DLL:         SARMCM3.DLL V5.14.0.0
Dialog DLL:      DCM.DLL V1.13.1.0
Target DLL:      STLink\ST-LINKIII-KEIL_SWO.dll V2.0.14.0_KEIL
Dialog DLL:      TCM.DLL V1.14.4.0
 
<h2>Project:</h2>
C:\Users\84727\Desktop\f4Judge\USER\LCD.uvprojx
Project File Date:  05/11/2018

<h2>Output:</h2>
Build target 'LCD'
compiling main.c...
main.c(18): warning:  #177-D: variable "A_show" was declared but never referenced
        u8 A_show[3],B_show[3],C_show[3],D_show[3],E_show[3] = {0};     
main.c(18): warning:  #177-D: variable "B_show" was declared but never referenced
        u8 A_show[3],B_show[3],C_show[3],D_show[3],E_show[3] = {0};     
main.c(18): warning:  #177-D: variable "C_show" was declared but never referenced
        u8 A_show[3],B_show[3],C_show[3],D_show[3],E_show[3] = {0};     
main.c(18): warning:  #177-D: variable "D_show" was declared but never referenced
        u8 A_show[3],B_show[3],C_show[3],D_show[3],E_show[3] = {0};     
main.c(18): warning:  #177-D: variable "E_show" was declared but never referenced
        u8 A_show[3],B_show[3],C_show[3],D_show[3],E_show[3] = {0};     
main.c(214): warning:  #1-D: last line of file ends without a newline
  }
main.c: 6 warnings, 0 errors
linking...
Program Size: Code=30778 RO-data=6574 RW-data=52 ZI-data=1852  
FromELF: creating hex file...
"..\OBJ\LCD.axf" - 0 Error(s), 6 Warning(s).

<h2>Collection of Component include folders:</h2>
  C:\Users\84727\Desktop\f4Judge\USER\RTE
  C:\Keil_v5\ARM\PACK\Keil\STM32F4xx_DFP\1.0.8\Device\Include

<h2>Collection of Component Files used:</h2>
</pre>
</body>
</html>
